// Jest Snapshot v1, https://goo.gl/fbAQLP

exports[`SignUp component Matches the snapshot 1`] = `
<div>
  <h2>
    Sign-Up
  </h2>
  <form
    action=""
  >
    <input
      type="text"
    />
    <input
      type="text"
    />
    <button>
      Submit
    </button>
  </form>
</div>
`;
